------------------------------------------------------------------------------------
      name:  <unnamed>
       log:  /home/albarran/Dropbox/UABCourse/TopicsCausalInference/log/growth.log
  log type:  text
 opened on:  18 Jun 2021, 16:11:06

. 
. *********************************************
. 
. import delimited ./data/GrowthData.csv
(63 vars, 90 obs)

. 
. * Data checking
. describe

Contains data
  obs:            90                          
 vars:            63                          
------------------------------------------------------------------------------------
              storage   display    value
variable name   type    format     label      variable label
------------------------------------------------------------------------------------
outcome         float   %9.0g                 Outcome
intercept       byte    %8.0g                 
gdpsh465        float   %9.0g                 
bmp1l           float   %9.0g                 
freeop          float   %9.0g                 
freetar         float   %9.0g                 
h65             float   %9.0g                 
hm65            float   %9.0g                 
hf65            float   %9.0g                 
p65             float   %9.0g                 
pm65            float   %9.0g                 
pf65            float   %9.0g                 
s65             float   %9.0g                 
sm65            float   %9.0g                 
sf65            float   %9.0g                 
fert65          float   %9.0g                 
mort65          float   %9.0g                 
lifee065        float   %9.0g                 
gpop1           float   %9.0g                 
fert1           float   %9.0g                 
mort1           float   %9.0g                 
invsh41         float   %9.0g                 
geetot1         float   %9.0g                 
geerec1         float   %9.0g                 
gde1            float   %9.0g                 
govwb1          float   %9.0g                 
govsh41         float   %9.0g                 
gvxdxe41        float   %9.0g                 
high65          float   %9.0g                 
highm65         float   %9.0g                 
highf65         float   %9.0g                 
highc65         float   %9.0g                 
highcm65        float   %9.0g                 
highcf65        float   %9.0g                 
human65         float   %9.0g                 
humanm65        float   %9.0g                 
humanf65        float   %9.0g                 
hyr65           float   %9.0g                 
hyrm65          float   %9.0g                 
hyrf65          float   %9.0g                 
no65            float   %9.0g                 
nom65           float   %9.0g                 
nof65           float   %9.0g                 
pinstab1        float   %9.0g                 
pop65           long    %12.0g                
worker65        float   %9.0g                 
pop1565         float   %9.0g                 
pop6565         float   %9.0g                 
sec65           float   %9.0g                 
secm65          float   %9.0g                 
secf65          float   %9.0g                 
secc65          float   %9.0g                 
seccm65         float   %9.0g                 
seccf65         float   %9.0g                 
syr65           float   %9.0g                 
syrm65          float   %9.0g                 
syrf65          float   %9.0g                 
teapri65        float   %9.0g                 
teasec65        float   %9.0g                 
ex1             float   %9.0g                 
im1             float   %9.0g                 
xr65            float   %9.0g                 
tot1            float   %9.0g                 
------------------------------------------------------------------------------------
Sorted by: 
     Note: Dataset has changed since last saved.

. 
end of do-file

. do "/tmp/SD08009.000000"

. 
. reg outcome gdpsh465 bmp1l-tot1, vce(robust)

Linear regression                               Number of obs     =         90
                                                F(61, 28)         =       8.96
                                                Prob > F          =     0.0000
                                                R-squared         =     0.8871
                                                Root MSE          =     .03074

------------------------------------------------------------------------------
             |               Robust
     outcome |      Coef.   Std. Err.      t    P>|t|     [95% Conf. Interval]
-------------+----------------------------------------------------------------
    gdpsh465 |   -.009377   .0324216    -0.29   0.775    -.0757896    .0570356
       bmp1l |  -.0688636   .0408527    -1.69   0.103    -.1525466    .0148193
      freeop |   .0800655   .2318895     0.35   0.732    -.3949386    .5550696
     freetar |  -.4889529   .4124205    -1.19   0.246    -1.333758    .3558523
         h65 |   -2.36212   .7377777    -3.20   0.003    -3.873389   -.8508506
        hm65 |   .7071626   .5186169     1.36   0.184    -.3551761    1.769501
        hf65 |   1.693448   .4580246     3.70   0.001     .7552266    2.631669
         p65 |   .2655322   .1645909     1.61   0.118    -.0716169    .6026813
        pm65 |   .1369443   .1310777     1.04   0.305    -.1315562    .4054447
        pf65 |  -.3312633   .1843827    -1.80   0.083    -.7089541    .0464274
         s65 |   .0390905   .1772305     0.22   0.827    -.3239498    .4021307
        sm65 |  -.0306716   .1230051    -0.25   0.805     -.282636    .2212928
        sf65 |  -.1799202   .1014182    -1.77   0.087    -.3876659    .0278256
      fert65 |   .0068809   .0289445     0.24   0.814    -.0524093    .0661711
      mort65 |  -.2334302   .8570053    -0.27   0.787    -1.988926    1.522066
    lifee065 |  -.0149134   .1826987    -0.08   0.936    -.3891547     .359328
       gpop1 |   .9700826   1.800068     0.54   0.594     -2.71719    4.657355
       fert1 |   .0088378   .0352989     0.25   0.804    -.0634686    .0811443
       mort1 |   .0665389   .7121929     0.09   0.926    -1.392322      1.5254
     invsh41 |   .0744585    .144534     0.52   0.610    -.2216058    .3705229
     geetot1 |  -.7150864   2.234341    -0.32   0.751    -5.291926    3.861753
     geerec1 |   .6300436   2.240276     0.28   0.781    -3.958954    5.219041
        gde1 |  -.4435763   1.688798    -0.26   0.795    -3.902922    3.015769
      govwb1 |   .3374295   .5823946     0.58   0.567    -.8555519    1.530411
     govsh41 |   .4631955   1.907503     0.24   0.810    -3.444148    4.370539
    gvxdxe41 |  -.7933981   2.060233    -0.39   0.703    -5.013594    3.426798
      high65 |  -.7524982   .7463754    -1.01   0.322    -2.281379    .7763824
     highm65 |   -.390257   .5397594    -0.72   0.476    -1.495904    .7153899
     highf65 |  -.4177349   .4327648    -0.97   0.343    -1.304213    .4687436
     highc65 |   -2.21575    1.18228    -1.87   0.071    -4.637542    .2060412
    highcm65 |   .2796957   .6115728     0.46   0.651    -.9730543    1.532446
    highcf65 |   .3920619    .737301     0.53   0.599    -1.118231    1.902355
     human65 |   2.336829   3.659791     0.64   0.528    -5.159913    9.833571
    humanm65 |  -1.209035   1.798554    -0.67   0.507    -4.893205    2.475136
    humanf65 |  -1.103723   1.852119    -0.60   0.556    -4.897617    2.690171
       hyr65 |   54.91348   25.70702     2.14   0.042     2.255026    107.5719
      hyrm65 |   12.93534   21.49689     0.60   0.552    -31.09904    56.96971
      hyrf65 |   9.092485   19.35918     0.47   0.642    -30.56299    48.74796
        no65 |   .0371939   .1492349     0.25   0.805       -.2685    .3428877
       nom65 |  -.0211899   .0735958    -0.29   0.776    -.1719442    .1295643
       nof65 |  -.0168496   .0756747    -0.22   0.825    -.1718623    .1381631
    pinstab1 |  -.0499699   .0344873    -1.45   0.158    -.1206139    .0206741
       pop65 |   1.03e-07   1.26e-07     0.82   0.421    -1.56e-07    3.62e-07
    worker65 |   .0340834   .1783546     0.19   0.850    -.3312594    .3994263
     pop1565 |   -.465519   .4610444    -1.01   0.321    -1.409926    .4788876
     pop6565 |   -1.35747   .5908249    -2.30   0.029     -2.56772   -.1472202
       sec65 |  -.0108806    .279707    -0.04   0.969    -.5838345    .5620733
      secm65 |   .0033374   .1367706     0.02   0.981    -.2768244    .2834993
      secf65 |  -.0023103   .1437213    -0.02   0.987      -.29671    .2920894
      secc65 |  -.4915572   .7419548    -0.66   0.513    -2.011383    1.028268
     seccm65 |   .2596158   .3619594     0.72   0.479    -.4818244    1.001056
     seccf65 |   .2206672   .3794529     0.58   0.566    -.5566068    .9979411
       syr65 |  -.7548781   7.764946    -0.10   0.923    -16.66065    15.15089
      syrm65 |    .310562   3.790654     0.08   0.935    -7.454241    8.075364
      syrf65 |   .7589172   4.009646     0.19   0.851    -7.454471    8.972306
    teapri65 |   .0000395   .0009695     0.04   0.968    -.0019464    .0020255
    teasec65 |   .0002497   .0010153     0.25   0.808      -.00183    .0023293
         ex1 |  -.5804164   .2550871    -2.28   0.031    -1.102939   -.0578941
         im1 |   .5914521   .2678107     2.21   0.036     .0428667    1.140037
        xr65 |  -.0001038   .0000525    -1.98   0.058    -.0002113    3.75e-06
        tot1 |  -.1279077   .1128361    -1.13   0.267    -.3590419    .1032265
       _cons |   .2471479   .7833689     0.32   0.755     -1.35751    1.851806
------------------------------------------------------------------------------

. 
. * Naive Lasso
. 
end of do-file

. do "/tmp/SD08009.000000"

. * Naive Lasso
. 
. rlasso outcome gdpsh465 bmp1l-tot1, sqrt

---------------------------------------------------
         Selected |      Sqrt-lasso   Post-est OLS
------------------+--------------------------------
            _cons |*      0.0453495      0.0453495
---------------------------------------------------
*Not penalized

. 
. 
end of do-file

. do "/tmp/SD08009.000000"

. * Double selection Lasso
. pdslasso outcome gdpsh465 (bmp1l-tot)
1.  (PDS/CHS) Selecting HD controls for dep var outcome...
Selected: 
2.  (PDS/CHS) Selecting HD controls for exog regressor gdpsh465...
Selected: freetar hm65 sf65 lifee065 humanf65 pop6565 teapri65


Estimation results:

Specification:
Regularization method:                 lasso
Penalty loadings:                      homoskedastic
Number of observations:                90
Exogenous (1):                         gdpsh465
High-dim controls (60):                bmp1l freeop freetar h65 hm65 hf65 p65 pm65
                                       pf65 s65 sm65 sf65 fert65 mort65 lifee065
                                       gpop1 fert1 mort1 invsh41 geetot1 geerec1
                                       gde1 govwb1 govsh41 gvxdxe41 high65 highm65
                                       highf65 highc65 highcm65 highcf65 human65
                                       humanm65 humanf65 hyr65 hyrm65 hyrf65 no65
                                       nom65 nof65 pinstab1 pop65 worker65 pop1565
                                       pop6565 sec65 secm65 secf65 secc65 seccm65
                                       seccf65 syr65 syrm65 syrf65 teapri65 teasec65
                                       ex1 im1 xr65 tot1
Selected controls (7):                 freetar hm65 sf65 lifee065 humanf65 pop6565
                                       teapri65
Unpenalized controls (1):              _cons

Structural equation:

OLS using CHS lasso-orthogonalized vars
------------------------------------------------------------------------------
     outcome |      Coef.   Std. Err.      z    P>|z|     [95% Conf. Interval]
-------------+----------------------------------------------------------------
    gdpsh465 |  -.0263397   .0139895    -1.88   0.060    -.0537586    .0010792
------------------------------------------------------------------------------

OLS using CHS post-lasso-orthogonalized vars
------------------------------------------------------------------------------
     outcome |      Coef.   Std. Err.      z    P>|z|     [95% Conf. Interval]
-------------+----------------------------------------------------------------
    gdpsh465 |  -.0418857   .0154726    -2.71   0.007    -.0722114     -.01156
------------------------------------------------------------------------------

OLS with PDS-selected variables and full regressor set
------------------------------------------------------------------------------
     outcome |      Coef.   Std. Err.      z    P>|z|     [95% Conf. Interval]
-------------+----------------------------------------------------------------
    gdpsh465 |  -.0418857   .0144861    -2.89   0.004     -.070278   -.0134934
     freetar |  -.7442194   .3025599    -2.46   0.014    -1.337226   -.1512129
        hm65 |   .0390225   .0812254     0.48   0.631    -.1201763    .1982214
        sf65 |  -.0571221   .0501581    -1.14   0.255    -.1554302    .0411859
    lifee065 |   .2407921   .0717705     3.36   0.001     .1001244    .3814597
    humanf65 |  -.0001797   .0041272    -0.04   0.965    -.0082689    .0079094
     pop6565 |    .220928   .2221288     0.99   0.320    -.2144365    .6562925
    teapri65 |   .0006656   .0006776     0.98   0.326    -.0006624    .0019937
       _cons |  -.6168167   .2409435    -2.56   0.010    -1.089057   -.1445761
------------------------------------------------------------------------------
Standard errors and test statistics valid for the following variables only:
    gdpsh465
------------------------------------------------------------------------------

. 
end of do-file

